// Jest Snapshot v1, https://goo.gl/fbAQLP

exports[`<Counter /> 1`] = `
<div
  class="counter"
>
  <h1
    data-testid="h1"
  >
    0
  </h1>
  <button
    class="btn"
    data-testid="counter-btn"
  >
    increase
  </button>
  <button
    class="btn"
    data-testid="counter-btn-minus"
  >
    decrease
  </button>
  <button
    class="reset"
    data-testid="reset-btn"
  >
    reset
  </button>
</div>
`;
